MPLINK 5.00, LINKER
Linker Map File - Created Mon Feb 10 00:41:06 2014

                                 Section Info
                  Section       Type    Address   Location Size(Bytes)
                ---------  ---------  ---------  ---------  ---------
                   .org_0       code   0x000000    program   0x000034
                   .cinit    romdata   0x00001a    program   0x000004
.config_8007_BUILD/DEFAULT/PRODUCTION/HC-SR04       code   0x008007    program   0x000002
.config_8008_BUILD/DEFAULT/PRODUCTION/HC-SR04       code   0x008008    program   0x000002



                              Program Memory Usage 
                               Start         End      
                           ---------   ---------      
                            0x000000    0x00001b      
                            0x008007    0x008008      
            30 out of 8455 program addresses used, program memory utilization is 0%



                              Symbols - Sorted by Name
                     Name    Address   Location    Storage File                     
                ---------  ---------  ---------  --------- ---------                
                     Loop   0x000005    program     static /Users/upright/Work/Projects/hc-sr04-to-i2c/hc-sr04-to-i2c.X/hc-sr04-to-i2c.asm
             _.org_0_0014   0x000014    program     static /Users/upright/Work/Projects/hc-sr04-to-i2c/hc-sr04-to-i2c.X/hc-sr04-to-i2c.asm
             _.org_0_0017   0x000017    program     static /Users/upright/Work/Projects/hc-sr04-to-i2c/hc-sr04-to-i2c.X/hc-sr04-to-i2c.asm
               delay_10us   0x00000a    program     static /Users/upright/Work/Projects/hc-sr04-to-i2c/hc-sr04-to-i2c.X/hc-sr04-to-i2c.asm
             delay_10us_0   0x00000c    program     static /Users/upright/Work/Projects/hc-sr04-to-i2c/hc-sr04-to-i2c.X/hc-sr04-to-i2c.asm
               delay_50ms   0x00000f    program     static /Users/upright/Work/Projects/hc-sr04-to-i2c/hc-sr04-to-i2c.X/hc-sr04-to-i2c.asm
             delay_50ms_0   0x000013    program     static /Users/upright/Work/Projects/hc-sr04-to-i2c/hc-sr04-to-i2c.X/hc-sr04-to-i2c.asm



                              Symbols - Sorted by Address
                     Name    Address   Location    Storage File                     
                ---------  ---------  ---------  --------- ---------                
                     Loop   0x000005    program     static /Users/upright/Work/Projects/hc-sr04-to-i2c/hc-sr04-to-i2c.X/hc-sr04-to-i2c.asm
               delay_10us   0x00000a    program     static /Users/upright/Work/Projects/hc-sr04-to-i2c/hc-sr04-to-i2c.X/hc-sr04-to-i2c.asm
             delay_10us_0   0x00000c    program     static /Users/upright/Work/Projects/hc-sr04-to-i2c/hc-sr04-to-i2c.X/hc-sr04-to-i2c.asm
               delay_50ms   0x00000f    program     static /Users/upright/Work/Projects/hc-sr04-to-i2c/hc-sr04-to-i2c.X/hc-sr04-to-i2c.asm
             delay_50ms_0   0x000013    program     static /Users/upright/Work/Projects/hc-sr04-to-i2c/hc-sr04-to-i2c.X/hc-sr04-to-i2c.asm
             _.org_0_0014   0x000014    program     static /Users/upright/Work/Projects/hc-sr04-to-i2c/hc-sr04-to-i2c.X/hc-sr04-to-i2c.asm
             _.org_0_0017   0x000017    program     static /Users/upright/Work/Projects/hc-sr04-to-i2c/hc-sr04-to-i2c.X/hc-sr04-to-i2c.asm


